:574:11)
#154    RenderObject.layout (package:flutter/src/rendering/object.dart:2768:7)
#155    RenderProxyBoxMixin.performLayout (package:flutter/src/rendering/proxy_box.dart:118:18)
#156    RenderObject.layout (package:flutter/src/rendering/object.dart:2768:7)
#157    RenderProxyBoxMixin.performLayout (package:flutter/src/rendering/proxy_box.dart:118:18)
#158    RenderObject.layout (package:flutter/src/rendering/object.dart:2768:7)
#159    RenderProxyBoxMixin.performLayout (package:flutter/src/rendering/proxy_box.dart:118:18)
#160    RenderObject.layout (package:flutter/src/rendering/object.dart:2768:7)
#161    RenderProxyBoxMixin.performLayout (package:flutter/src/rendering/proxy_box.dart:118:18)
#162    RenderObject.layout (package:flutter/src/rendering/object.dart:2768:7)
#163    RenderProxyBoxMixin.performLayout (package:flutter/src/rendering/proxy_box.dart:118:18)
#164    RenderObject.layout (package:flutter/src/rendering/object.dart:2768:7)
#165    RenderProxyBoxMixin.performLayout (package:flutter/src/rendering/proxy_box.dart:118:18)
#166    RenderObject.layout (package:flutter/src/rendering/object.dart:2768:7)
#167    RenderView.performLayout (package:flutter/src/rendering/view.dart:292:12)
#168    RenderObject._layoutWithoutResize (package:flutter/src/rendering/object.dart:2616:7)
#169    PipelineOwner.flushLayout (package:flutter/src/rendering/object.dart:1174:18)
#170    PipelineOwner.flushLayout (package:flutter/src/rendering/object.dart:1187:15)
#171    AutomatedTestWidgetsFlutterBinding.drawFrame (package:flutter_test/src/binding.dart:2133:27)
#172    RendererBinding._handlePersistentFrameCallback (package:flutter/src/rendering/binding.dart:495:5)
#173    SchedulerBinding._invokeFrameCallback (package:flutter/src/scheduler/binding.dart:1430:15)
#174    SchedulerBinding.handleDrawFrame (package:flutter/src/scheduler/binding.dart:1345:9)
#175    AutomatedTestWidgetsFlutterBinding.pump.<anonymous closure> (package:flutter_test/src/binding.dart:1960:9)
#178    TestAsyncUtils.guard (package:flutter_test/src/test_async_utils.dart:74:41)
#179    AutomatedTestWidgetsFlutterBinding.pump (package:flutter_test/src/binding.dart:1949:27)
#180    WidgetTester.pumpWidget.<anonymous closure> (package:flutter_test/src/widget_tester.dart:598:22)
#183    TestAsyncUtils.guard (package:flutter_test/src/test_async_utils.dart:74:41)
#184    WidgetTester.pumpWidget (package:flutter_test/src/widget_tester.dart:595:27)
#185    main.<anonymous closure> (file:///Users/ijorna/Documents/BakaHyou/test/features/browse/browse_results_screen_test.dart:72:18)
#186    testWidgets.<anonymous closure>.<anonymous closure> (package:flutter_test/src/widget_tester.dart:192:29)
<asynchronous suspension>
#187    TestWidgetsFlutterBinding._runTestBody (package:flutter_test/src/binding.dart:1682:5)
<asynchronous suspension>
<asynchronous suspension>
(elided 8 frames from dart:async and package:stack_trace)

Timer (duration: 0:00:00.000000, periodic: false), created:
#0      new FakeTimer._ (package:fake_async/fake_async.dart:342:62)
#1      FakeAsync._createTimer (package:fake_async/fake_async.dart:260:29)
#2      FakeAsync.run.<anonymous closure> (package:fake_async/fake_async.dart:185:15)
#6      _AnimateState._restart (package:flutter_animate/src/animate.dart:318:23)
#7      _AnimateState.initState (package:flutter_animate/src/animate.dart:290:5)
#8      StatefulElement._firstBuild (package:flutter/src/widgets/framework.dart:5950:55)
#9      ComponentElement.mount (package:flutter/src/widgets/framework.dart:5793:5)
...     Normal element mounting (41 frames)
#50     Element.inflateWidget (package:flutter/src/widgets/framework.dart:4587:20)
#51     Element.updateChild (package:flutter/src/widgets/framework.dart:4059:18)
#52     SliverMultiBoxAdaptorElement.updateChild (package:flutter/src/widgets/sliver.dart:1086:37)
#53     SliverMultiBoxAdaptorElement.createChild.<anonymous closure> (package:flutter/src/widgets/sliver.dart:1071:20)
#54     BuildOwner.buildScope (package:flutter/src/widgets/framework.dart:3101:19)
#55     SliverMultiBoxAdaptorElement.createChild (package:flutter/src/widgets/sliver.dart:1061:12)
#56     RenderSliverMultiBoxAdaptor._createOrObtainChild.<anonymous closure> (package:flutter/src/rendering/sliver_multi_box_adaptor.dart:368:23)
#57     RenderObject.invokeLayoutCallback.<anonymous closure> (package:flutter/src/rendering/object.dart:2887:17)
#58     PipelineOwner._enableMutationsToDirtySubtrees (package:flutter/src/rendering/object.dart:1223:15)
#59     RenderObject.invokeLayoutCallback (package:flutter/src/rendering/object.dart:2886:14)
#60     RenderSliverMultiBoxAdaptor._createOrObtainChild (package:flutter/src/rendering/sliver_multi_box_adaptor.dart:357:5)
#61     RenderSliverMultiBoxAdaptor.insertAndLayoutChild (package:flutter/src/rendering/sliver_multi_box_adaptor.dart:517:5)
#62     RenderSliverGrid.performLayout (package:flutter/src/rendering/sliver_grid.dart:668:17)
#63     RenderObject.layout (package:flutter/src/rendering/object.dart:2768:7)
#64     RenderSliverEdgeInsetsPadding.performLayout (package:flutter/src/rendering/sliver_padding.dart:133:12)
#65     RenderSliverPadding.performLayout (package:flutter/src/rendering/sliver_padding.dart:368:11)
#66     RenderObject.layout (package:flutter/src/rendering/object.dart:2768:7)
#67     RenderViewportBase.layoutChildSequence (package:flutter/src/rendering/viewport.dart:673:13)
#68     RenderViewport._attemptLayout (package:flutter/src/rendering/viewport.dart:1684:12)
#69     RenderViewport.performLayout (package:flutter/src/rendering/viewport.dart:1575:20)
#70     RenderObject.layout (package:flutter/src/rendering/object.dart:2768:7)
#71     RenderProxyBoxMixin.performLayout (package:flutter/src/rendering/proxy_box.dart:118:18)
#72     RenderObject.layout (package:flutter/src/rendering/object.dart:2768:7)
#73     RenderProxyBoxMixin.performLayout (package:flutter/src/rendering/proxy_box.dart:118:18)
#74     RenderObject.layout (package:flutter/src/rendering/object.dart:2768:7)
#75     RenderProxyBoxMixin.performLayout (package:flutter/src/rendering/proxy_box.dart:118:18)
#76     RenderObject.layout (package:flutter/src/rendering/object.dart:2768:7)
#77     RenderProxyBoxMixin.performLayout (package:flutter/src/rendering/proxy_box.dart:118:18)
#78     RenderObject.layout (package:flutter/src/rendering/object.dart:2768:7)
#79     RenderProxyBoxMixin.performLayout (package:flutter/src/rendering/proxy_box.dart:118:18)
#80     RenderObject.layout (package:flutter/src/rendering/object.dart:2768:7)
#81     RenderProxyBoxMixin.performLayout (package:flutter/src/rendering/proxy_box.dart:118:18)
#82     RenderObject.layout (package:flutter/src/rendering/object.dart:2768:7)
#83     RenderProxyBoxMixin.performLayout (package:flutter/src/rendering/proxy_box.dart:118:18)
#84     RenderObject.layout (package:flutter/src/rendering/object.dart:2768:7)
#85     RenderProxyBoxMixin.performLayout (package:flutter/src/rendering/proxy_box.dart:118:18)
#86     _RenderCustomClip.performLayout (package:flutter/src/rendering/proxy_box.dart:1549:11)
#87     RenderObject.layout (package:flutter/src/rendering/object.dart:2768:7)
#88     RenderProxyBoxMixin.performLayout (package:flutter/src/rendering/proxy_box.dart:118:18)
#89     RenderObject.layout (package:flutter/src/rendering/object.dart:2768:7)
#90     ChildLayoutHelper.layoutChild (package:flutter/src/rendering/layout_helper.dart:62:11)
#91     RenderStack._computeSize (package:flutter/src/rendering/stack.dart:645:43)
#92     RenderStack.performLayout (package:flutter/src/rendering/stack.dart:680:12)
#93     RenderObject.layout (package:flutter/src/rendering/object.dart:2768:7)
#94     RenderPadding.performLayout (package:flutter/src/rendering/shifted_box.dart:262:12)
#95     RenderObject.layout (package:flutter/src/rendering/object.dart:2768:7)
#96     RenderPadding.performLayout (package:flutter/src/rendering/shifted_box.dart:262:12)
#97     RenderObject.layout (package:flutter/src/rendering/object.dart:2768:7)
#98     MultiChildLayoutDelegate.layoutChild (package:flutter/src/rendering/custom_layout.dart:180:12)
#99     _ScaffoldLayout.performLayout (package:flutter/src/material/scaffold.dart:1113:7)
#100    MultiChildLayoutDelegate._callPerformLayout (package:flutter/src/rendering/custom_layout.dart:246:7)
#101    RenderCustomMultiChildLayoutBox.performLayout (package:flutter/src/rendering/custom_layout.dart:417:14)
#102    RenderObject.layout (package:flutter/src/rendering/object.dart:2768:7)
#103    RenderProxyBoxMixin.performLayout (package:flutter/src/rendering/proxy_box.dart:118:18)
#104    RenderObject.layout (package:flutter/src/rendering/object.dart:2768:7)
#105    RenderProxyBoxMixin.performLayout (package:flutter/src/rendering/proxy_box.dart:118:18)
#106    _RenderCustomClip.performLayout (package:flutter/src/rendering/proxy_box.dart:1549:11)
#107    RenderObject.layout (package:flutter/src/rendering/object.dart:2768:7)
#108    RenderProxyBoxMixin.performLayout (package:flutter/src/rendering/proxy_box.dart:118:18)
#109    RenderObject.layout (package:flutter/src/rendering/object.dart:2768:7)
#110    RenderProxyBoxMixin.performLayout (package:flutter/src/rendering/proxy_box.dart:118:18)
#111    RenderObject.layout (package:flutter/src/rendering/object.dart:2768:7)
#112    RenderProxyBoxMixin.performLayout (package:flutter/src/rendering/proxy_box.dart:118:18)
#113    RenderObject.layout (package:flutter/src/rendering/object.dart:2768:7)
#114    RenderProxyBoxMixin.performLayout (package:flutter/src/rendering/proxy_box.dart:118:18)
#115    RenderObject.layout (package:flutter/src/rendering/object.dart:2768:7)
#116    RenderProxyBoxMixin.performLayout (package:flutter/src/rendering/proxy_box.dart:118:18)
#117    RenderObject.layout (package:flutter/src/rendering/object.dart:2768:7)
#118    RenderProxyBoxMixin.performLayout (package:flutter/src/rendering/proxy_box.dart:118:18)
#119    RenderObject.layout (package:flutter/src/rendering/object.dart:2768:7)
#120    RenderProxyBoxMixin.performLayout (package:flutter/src/rendering/proxy_box.dart:118:18)
#121    RenderObject.layout (package:flutter/src/rendering/object.dart:2768:7)
#122    RenderProxyBoxMixin.performLayout (package:flutter/src/rendering/proxy_box.dart:118:18)
#123    RenderObject.layout (package:flutter/src/rendering/object.dart:2768:7)
#124    RenderProxyBoxMixin.performLayout (package:flutter/src/rendering/proxy_box.dart:118:18)
#125    RenderObject.layout (package:flutter/src/rendering/object.dart:2768:7)
#126    RenderProxyBoxMixin.performLayout (package:flutter/src/rendering/proxy_box.dart:118:18)
#127    RenderObject.layout (package:flutter/src/rendering/object.dart:2768:7)
#128    RenderProxyBoxMixin.performLayout (package:flutter/src/rendering/proxy_box.dart:118:18)
#129    RenderObject.layout (package:flutter/src/rendering/object.dart:2768:7)
#130    RenderProxyBoxMixin.performLayout (package:flutter/src/rendering/proxy_box.dart:118:18)
#131    RenderObject.layout (package:flutter/src/rendering/object.dart:2768:7)
#132    RenderProxyBoxMixin.performLayout (package:flutter/src/rendering/proxy_box.dart:118:18)
#133    RenderObject.layout (package:flutter/src/rendering/object.dart:2768:7)
#134    RenderProxyBoxMixin.performLayout (package:flutter/src/rendering/proxy_box.dart:118:18)
#135    RenderObject.layout (package:flutter/src/rendering/object.dart:2768:7)
#136    RenderProxyBoxMixin.performLayout (package:flutter/src/rendering/proxy_box.dart:118:18)
#137    RenderObject.layout (package:flutter/src/rendering/object.dart:2768:7)
#138    RenderProxyBoxMixin.performLayout (package:flutter/src/rendering/proxy_box.dart:118:18)
#139    RenderOffstage.performLayout (package:flutter/src/rendering/proxy_box.dart:3923:13)
#140    RenderObject.layout (package:flutter/src/rendering/object.dart:2768:7)
#141    RenderProxyBoxMixin.performLayout (package:flutter/src/rendering/proxy_box.dart:118:18)
#142    RenderObject.layout (package:flutter/src/rendering/object.dart:2768:7)
#143    _RenderTheaterMixin.layoutChild (package:flutter/src/widgets/overlay.dart:1084:13)
#144    _RenderTheater.performLayout (package:flutter/src/widgets/overlay.dart:1429:9)
#145    RenderObject.layout (package:flutter/src/rendering/object.dart:2768:7)
#146    RenderProxyBoxMixin.performLayout (package:flutter/src/rendering/proxy_box.dart:118:18)
#147    RenderObject.layout (package:flutter/src/rendering/object.dart:2768:7)
#148    RenderProxyBoxMixin.performLayout (package:flutter/src/rendering/proxy_box.dart:118:18)
#149    RenderObject.layout (package:flutter/src/rendering/object.dart:2768:7)
#150    RenderProxyBoxMixin.performLayout (package:flutter/src/rendering/proxy_box.dart:118:18)
#151    RenderObject.layout (package:flutter/src/rendering/object.dart:2768:7)
#152    RenderProxyBoxMixin.performLayout (package:flutter/src/rendering/proxy_box.dart:118:18)
#153    RenderCustomPaint.performLayout (package:flutter/src/rendering/custom_paint.dart:574:11)
#154    RenderObject.layout (package:flutter/src/rendering/object.dart:2768:7)
#155    RenderProxyBoxMixin.performLayout (package:flutter/src/rendering/proxy_box.dart:118:18)
#156    RenderObject.layout (package:flutter/src/rendering/object.dart:2768:7)
#157    RenderProxyBoxMixin.performLayout (package:flutter/src/rendering/proxy_box.dart:118:18)
#158    RenderObject.layout (package:flutter/src/rendering/object.dart:2768:7)
#159    RenderProxyBoxMixin.performLayout (package:flutter/src/rendering/proxy_box.dart:118:18)
#160    RenderObject.layout (package:flutter/src/rendering/object.dart:2768:7)
#161    RenderProxyBoxMixin.performLayout (package:flutter/src/rendering/proxy_box.dart:118:18)
#162    RenderObject.layout (package:flutter/src/rendering/object.dart:2768:7)
#163    RenderProxyBoxMixin.performLayout (package:flutter/src/rendering/proxy_box.dart:118:18)
#164    RenderObject.layout (package:flutter/src/rendering/object.dart:2768:7)
#165    RenderProxyBoxMixin.performLayout (package:flutter/src/rendering/proxy_box.dart:118:18)
#166    RenderObject.layout (package:flutter/src/rendering/object.dart:2768:7)
#167    RenderView.performLayout (package:flutter/src/rendering/view.dart:292:12)
#168    RenderObject._layoutWithoutResize (package:flutter/src/rendering/object.dart:2616:7)
#169    PipelineOwner.flushLayout (package:flutter/src/rendering/object.dart:1174:18)
#170    PipelineOwner.flushLayout (package:flutter/src/rendering/object.dart:1187:15)
#171    AutomatedTestWidgetsFlutterBinding.drawFrame (package:flutter_test/src/binding.dart:2133:27)
#172    RendererBinding._handlePersistentFrameCallback (package:flutter/src/rendering/binding.dart:495:5)
#173    SchedulerBinding._invokeFrameCallback (package:flutter/src/scheduler/binding.dart:1430:15)
#174    SchedulerBinding.handleDrawFrame (package:flutter/src/scheduler/binding.dart:1345:9)
#175    AutomatedTestWidgetsFlutterBinding.pump.<anonymous closure> (package:flutter_test/src/binding.dart:1960:9)
#178    TestAsyncUtils.guard (package:flutter_test/src/test_async_utils.dart:74:41)
#179    AutomatedTestWidgetsFlutterBinding.pump (package:flutter_test/src/binding.dart:1949:27)
#180    WidgetTester.pumpWidget.<anonymous closure> (package:flutter_test/src/widget_tester.dart:598:22)
#183    TestAsyncUtils.guard (package:flutter_test/src/test_async_utils.dart:74:41)
#184    WidgetTester.pumpWidget (package:flutter_test/src/widget_tester.dart:595:27)
#185    main.<anonymous closure> (file:///Users/ijorna/Documents/BakaHyou/test/features/browse/browse_results_screen_test.dart:72:18)
#186    testWidgets.<anonymous closure>.<anonymous closure> (package:flutter_test/src/widget_tester.dart:192:29)
<asynchronous suspension>
#187    TestWidgetsFlutterBinding._runTestBody (package:flutter_test/src/binding.dart:1682:5)
<asynchronous suspension>
<asynchronous suspension>
(elided 8 frames from dart:async and package:stack_trace)

Timer (duration: 0:00:00.000000, periodic: false), created:
#0      new FakeTimer._ (package:fake_async/fake_async.dart:342:62)
#1      FakeAsync._createTimer (package:fake_async/fake_async.dart:260:29)
#2      FakeAsync.run.<anonymous closure> (package:fake_async/fake_async.dart:185:15)
#6      _AnimateState._restart (package:flutter_animate/src/animate.dart:318:23)
#7      _AnimateState.initState (package:flutter_animate/src/animate.dart:290:5)
#8      StatefulElement._firstBuild (package:flutter/src/widgets/framework.dart:5950:55)
#9      ComponentElement.mount (package:flutter/src/widgets/framework.dart:5793:5)
...     Normal element mounting (41 frames)
#50     Element.inflateWidget (package:flutter/src/widgets/framework.dart:4587:20)
#51     Element.updateChild (package:flutter/src/widgets/framework.dart:4059:18)
#52     SliverMultiBoxAdaptorElement.updateChild (package:flutter/src/widgets/sliver.dart:1086:37)
#53     SliverMultiBoxAdaptorElement.createChild.<anonymous closure> (package:flutter/src/widgets/sliver.dart:1071:20)
#54     BuildOwner.buildScope (package:flutter/src/widgets/framework.dart:3101:19)
#55     SliverMultiBoxAdaptorElement.createChild (package:flutter/src/widgets/sliver.dart:1061:12)
#56     RenderSliverMultiBoxAdaptor._createOrObtainChild.<anonymous closure> (package:flutter/src/rendering/sliver_multi_box_adaptor.dart:368:23)
#57     RenderObject.invokeLayoutCallback.<anonymous closure> (package:flutter/src/rendering/object.dart:2887:17)
#58     PipelineOwner._enableMutationsToDirtySubtrees (package:flutter/src/rendering/object.dart:1223:15)
#59     RenderObject.invokeLayoutCallback (package:flutter/src/rendering/object.dart:2886:14)
#60     RenderSliverMultiBoxAdaptor._createOrObtainChild (package:flutter/src/rendering/sliver_multi_box_adaptor.dart:357:5)
#61     RenderSliverMultiBoxAdaptor.insertAndLayoutChild (package:flutter/src/rendering/sliver_multi_box_adaptor.dart:517:5)
#62     RenderSliverGrid.performLayout (package:flutter/src/rendering/sliver_grid.dart:668:17)
#63     RenderObject.layout (package:flutter/src/rendering/object.dart:2768:7)
#64     RenderSliverEdgeInsetsPadding.performLayout (package:flutter/src/rendering/sliver_padding.dart:133:12)
#65     RenderSliverPadding.performLayout (package:flutter/src/rendering/sliver_padding.dart:368:11)
#66     RenderObject.layout (package:flutter/src/rendering/object.dart:2768:7)
#67     RenderViewportBase.layoutChildSequence (package:flutter/src/rendering/viewport.dart:673:13)
#68     RenderViewport._attemptLayout (package:flutter/src/rendering/viewport.dart:1684:12)
#69     RenderViewport.performLayout (package:flutter/src/rendering/viewport.dart:1575:20)
#70     RenderObject.layout (package:flutter/src/rendering/object.dart:2768:7)
#71     RenderProxyBoxMixin.performLayout (package:flutter/src/rendering/proxy_box.dart:118:18)
#72     RenderObject.layout (package:flutter/src/rendering/object.dart:2768:7)
#73     RenderProxyBoxMixin.performLayout (package:flutter/src/rendering/proxy_box.dart:118:18)
#74     RenderObject.layout (package:flutter/src/rendering/object.dart:2768:7)
#75     RenderProxyBoxMixin.performLayout (package:flutter/src/rendering/proxy_box.dart:118:18)
#76     RenderObject.layout (package:flutter/src/rendering/object.dart:2768:7)
#77     RenderProxyBoxMixin.performLayout (package:flutter/src/rendering/proxy_box.dart:118:18)
#78     RenderObject.layout (package:flutter/src/rendering/object.dart:2768:7)
#79     RenderProxyBoxMixin.performLayout (package:flutter/src/rendering/proxy_box.dart:118:18)
#80     RenderObject.layout (package:flutter/src/rendering/object.dart:2768:7)
#81     RenderProxyBoxMixin.performLayout (package:flutter/src/rendering/proxy_box.dart:118:18)
#82     RenderObject.layout (package:flutter/src/rendering/object.dart:2768:7)
#83     RenderProxyBoxMixin.performLayout (package:flutter/src/rendering/proxy_box.dart:118:18)
#84     RenderObject.layout (package:flutter/src/rendering/object.dart:2768:7)
#85     RenderProxyBoxMixin.performLayout (package:flutter/src/rendering/proxy_box.dart:118:18)
#86     _RenderCustomClip.performLayout (package:flutter/src/rendering/proxy_box.dart:1549:11)
#87     RenderObject.layout (package:flutter/src/rendering/object.dart:2768:7)
#88     RenderProxyBoxMixin.performLayout (package:flutter/src/rendering/proxy_box.dart:118:18)
#89     RenderObject.layout (package:flutter/src/rendering/object.dart:2768:7)
#90     ChildLayoutHelper.layoutChild (package:flutter/src/rendering/layout_helper.dart:62:11)
#91     RenderStack._computeSize (package:flutter/src/rendering/stack.dart:645:43)
#92     RenderStack.performLayout (package:flutter/src/rendering/stack.dart:680:12)
#93     RenderObject.layout (package:flutter/src/rendering/object.dart:2768:7)
#94     RenderPadding.performLayout (package:flutter/src/rendering/shifted_box.dart:262:12)
#95     RenderObject.layout (package:flutter/src/rendering/object.dart:2768:7)
#96     RenderPadding.performLayout (package:flutter/src/rendering/shifted_box.dart:262:12)
#97     RenderObject.layout (package:flutter/src/rendering/object.dart:2768:7)
#98     MultiChildLayoutDelegate.layoutChild (package:flutter/src/rendering/custom_layout.dart:180:12)
#99     _ScaffoldLayout.performLayout (package:flutter/src/material/scaffold.dart:1113:7)
#100    MultiChildLayoutDelegate._callPerformLayout (package:flutter/src/rendering/custom_layout.dart:246:7)
#101    RenderCustomMultiChildLayoutBox.performLayout (package:flutter/src/rendering/custom_layout.dart:417:14)
#102    RenderObject.layout (package:flutter/src/rendering/object.dart:2768:7)
#103    RenderProxyBoxMixin.performLayout (package:flutter/src/rendering/proxy_box.dart:118:18)
#104    RenderObject.layout (package:flutter/src/rendering/object.dart:2768:7)
#105    RenderProxyBoxMixin.performLayout (package:flutter/src/rendering/proxy_box.dart:118:18)
#106    _RenderCustomClip.performLayout (package:flutter/src/rendering/proxy_box.dart:1549:11)
#107    RenderObject.layout (package:flutter/src/rendering/object.dart:2768:7)
#108    RenderProxyBoxMixin.performLayout (package:flutter/src/rendering/proxy_box.dart:118:18)
#109    RenderObject.layout (package:flutter/src/rendering/object.dart:2768:7)
#110    RenderProxyBoxMixin.performLayout (package:flutter/src/rendering/proxy_box.dart:118:18)
#111    RenderObject.layout (package:flutter/src/rendering/object.dart:2768:7)
#112    RenderProxyBoxMixin.performLayout (package:flutter/src/rendering/proxy_box.dart:118:18)
#113    RenderObject.layout (package:flutter/src/rendering/object.dart:2768:7)
#114    RenderProxyBoxMixin.performLayout (package:flutter/src/rendering/proxy_box.dart:118:18)
#115    RenderObject.layout (package:flutter/src/rendering/object.dart:2768:7)
#116    RenderProxyBoxMixin.performLayout (package:flutter/src/rendering/proxy_box.dart:118:18)
#117    RenderObject.layout (package:flutter/src/rendering/object.dart:2768:7)
#118    RenderProxyBoxMixin.performLayout (package:flutter/src/rendering/proxy_box.dart:118:18)
#119    RenderObject.layout (package:flutter/src/rendering/object.dart:2768:7)
#120    RenderProxyBoxMixin.performLayout (package:flutter/src/rendering/proxy_box.dart:118:18)
#121    RenderObject.layout (package:flutter/src/rendering/object.dart:2768:7)
#122    RenderProxyBoxMixin.performLayout (package:flutter/src/rendering/proxy_box.dart:118:18)
#123    RenderObject.layout (package:flutter/src/rendering/object.dart:2768:7)
#124    RenderProxyBoxMixin.performLayout (package:flutter/src/rendering/proxy_box.dart:118:18)
#125    RenderObject.layout (package:flutter/src/rendering/object.dart:2768:7)
#126    RenderProxyBoxMixin.performLayout (package:flutter/src/rendering/proxy_box.dart:118:18)
#127    RenderObject.layout (package:flutter/src/rendering/object.dart:2768:7)
#128    RenderProxyBoxMixin.performLayout (package:flutter/src/rendering/proxy_box.dart:118:18)
#129    RenderObject.layout (package:flutter/src/rendering/object.dart:2768:7)
#130    RenderProxyBoxMixin.performLayout (package:flutter/src/rendering/proxy_box.dart:118:18)
#131    RenderObject.layout (package:flutter/src/rendering/object.dart:2768:7)
#132    RenderProxyBoxMixin.performLayout (package:flutter/src/rendering/proxy_box.dart:118:18)
#133    RenderObject.layout (package:flutter/src/rendering/object.dart:2768:7)
#134    RenderProxyBoxMixin.performLayout (package:flutter/src/rendering/proxy_box.dart:118:18)
#135    RenderObject.layout (package:flutter/src/rendering/object.dart:2768:7)
#136    RenderProxyBoxMixin.performLayout (package:flutter/src/rendering/proxy_box.dart:118:18)
#137    RenderObject.layout (package:flutter/src/rendering/object.dart:2768:7)
#138    RenderProxyBoxMixin.performLayout (package:flutter/src/rendering/proxy_box.dart:118:18)
#139    RenderOffstage.performLayout (package:flutter/src/rendering/proxy_box.dart:3923:13)
#140    RenderObject.layout (package:flutter/src/rendering/object.dart:2768:7)
#141    RenderProxyBoxMixin.performLayout (package:flutter/src/rendering/proxy_box.dart:118:18)
#142    RenderObject.layout (package:flutter/src/rendering/object.dart:2768:7)
#143    _RenderTheaterMixin.layoutChild (package:flutter/src/widgets/overlay.dart:1084:13)
#144    _RenderTheater.performLayout (package:flutter/src/widgets/overlay.dart:1429:9)
#145    RenderObject.layout (package:flutter/src/rendering/object.dart:2768:7)
#146    RenderProxyBoxMixin.performLayout (package:flutter/src/rendering/proxy_box.dart:118:18)
#147    RenderObject.layout (package:flutter/src/rendering/object.dart:2768:7)
#148    RenderProxyBoxMixin.performLayout (package:flutter/src/rendering/proxy_box.dart:118:18)
#149    RenderObject.layout (package:flutter/src/rendering/object.dart:2768:7)
#150    RenderProxyBoxMixin.performLayout (package:flutter/src/rendering/proxy_box.dart:118:18)
#151    RenderObject.layout (package:flutter/src/rendering/object.dart:2768:7)
#152    RenderProxyBoxMixin.performLayout (package:flutter/src/rendering/proxy_box.dart:118:18)
#153    RenderCustomPaint.performLayout (package:flutter/src/rendering/custom_paint.dart:574:11)
#154    RenderObject.layout (package:flutter/src/rendering/object.dart:2768:7)
#155    RenderProxyBoxMixin.performLayout (package:flutter/src/rendering/proxy_box.dart:118:18)
#156    RenderObject.layout (package:flutter/src/rendering/object.dart:2768:7)
#157    RenderProxyBoxMixin.performLayout (package:flutter/src/rendering/proxy_box.dart:118:18)
#158    RenderObject.layout (package:flutter/src/rendering/object.dart:2768:7)
#159    RenderProxyBoxMixin.performLayout (package:flutter/src/rendering/proxy_box.dart:118:18)
#160    RenderObject.layout (package:flutter/src/rendering/object.dart:2768:7)
#161    RenderProxyBoxMixin.performLayout (package:flutter/src/rendering/proxy_box.dart:118:18)
#162    RenderObject.layout (package:flutter/src/rendering/object.dart:2768:7)
#163    RenderProxyBoxMixin.performLayout (package:flutter/src/rendering/proxy_box.dart:118:18)
#164    RenderObject.layout (package:flutter/src/rendering/object.dart:2768:7)
#165    RenderProxyBoxMixin.performLayout (package:flutter/src/rendering/proxy_box.dart:118:18)
#166    RenderObject.layout (package:flutter/src/rendering/object.dart:2768:7)
#167    RenderView.performLayout (package:flutter/src/rendering/view.dart:292:12)
#168    RenderObject._layoutWithoutResize (package:flutter/src/rendering/object.dart:2616:7)
#169    PipelineOwner.flushLayout (package:flutter/src/rendering/object.dart:1174:18)
#170    PipelineOwner.flushLayout (package:flutter/src/rendering/object.dart:1187:15)
#171    AutomatedTestWidgetsFlutterBinding.drawFrame (package:flutter_test/src/binding.dart:2133:27)
#172    RendererBinding._handlePersistentFrameCallback (package:flutter/src/rendering/binding.dart:495:5)
#173    SchedulerBinding._invokeFrameCallback (package:flutter/src/scheduler/binding.dart:1430:15)
#174    SchedulerBinding.handleDrawFrame (package:flutter/src/scheduler/binding.dart:1345:9)
#175    AutomatedTestWidgetsFlutterBinding.pump.<anonymous closure> (package:flutter_test/src/binding.dart:1960:9)
#178    TestAsyncUtils.guard (package:flutter_test/src/test_async_utils.dart:74:41)
#179    AutomatedTestWidgetsFlutterBinding.pump (package:flutter_test/src/binding.dart:1949:27)
#180    WidgetTester.pumpWidget.<anonymous closure> (package:flutter_test/src/widget_tester.dart:598:22)
#183    TestAsyncUtils.guard (package:flutter_test/src/test_async_utils.dart:74:41)
#184    WidgetTester.pumpWidget (package:flutter_test/src/widget_tester.dart:595:27)
#185    main.<anonymous closure> (file:///Users/ijorna/Documents/BakaHyou/test/features/browse/browse_results_screen_test.dart:72:18)
#186    testWidgets.<anonymous closure>.<anonymous closure> (package:flutter_test/src/widget_tester.dart:192:29)
<asynchronous suspension>
#187    TestWidgetsFlutterBinding._runTestBody (package:flutter_test/src/binding.dart:1682:5)
<asynchronous suspension>
<asynchronous suspension>
(elided 8 frames from dart:async and package:stack_trace)

Timer (duration: 0:00:00.000000, periodic: false), created:
#0      new FakeTimer._ (package:fake_async/fake_async.dart:342:62)
#1      FakeAsync._createTimer (package:fake_async/fake_async.dart:260:29)
#2      FakeAsync.run.<anonymous closure> (package:fake_async/fake_async.dart:185:15)
#6      _AnimateState._restart (package:flutter_animate/src/animate.dart:318:23)
#7      _AnimateState.initState (package:flutter_animate/src/animate.dart:290:5)
#8      StatefulElement._firstBuild (package:flutter/src/widgets/framework.dart:5950:55)
#9      ComponentElement.mount (package:flutter/src/widgets/framework.dart:5793:5)
...     Normal element mounting (41 frames)
#50     Element.inflateWidget (package:flutter/src/widgets/framework.dart:4587:20)
#51     Element.updateChild (package:flutter/src/widgets/framework.dart:4059:18)
#52     SliverMultiBoxAdaptorElement.updateChild (package:flutter/src/widgets/sliver.dart:1086:37)
#53     SliverMultiBoxAdaptorElement.createChild.<anonymous closure> (package:flutter/src/widgets/sliver.dart:1071:20)
#54     BuildOwner.buildScope (package:flutter/src/widgets/framework.dart:3101:19)
#55     SliverMultiBoxAdaptorElement.createChild (package:flutter/src/widgets/sliver.dart:1061:12)
#56     RenderSliverMultiBoxAdaptor._createOrObtainChild.<anonymous closure> (package:flutter/src/rendering/sliver_multi_box_adaptor.dart:368:23)
#57     RenderObject.invokeLayoutCallback.<anonymous closure> (package:flutter/src/rendering/object.dart:2887:17)
#58     PipelineOwner._enableMutationsToDirtySubtrees (package:flutter/src/rendering/object.dart:1223:15)
#59     RenderObject.invokeLayoutCallback (package:flutter/src/rendering/object.dart:2886:14)
#60     RenderSliverMultiBoxAdaptor._createOrObtainChild (package:flutter/src/rendering/sliver_multi_box_adaptor.dart:357:5)
#61     RenderSliverMultiBoxAdaptor.insertAndLayoutChild (package:flutter/src/rendering/sliver_multi_box_adaptor.dart:517:5)
#62     RenderSliverGrid.performLayout (package:flutter/src/rendering/sliver_grid.dart:668:17)
#63     RenderObject.layout (package:flutter/src/rendering/object.dart:2768:7)
#64     RenderSliverEdgeInsetsPadding.performLayout (package:flutter/src/rendering/sliver_padding.dart:133:12)
#65     RenderSliverPadding.performLayout (package:flutter/src/rendering/sliver_padding.dart:368:11)
#66     RenderObject.layout (package:flutter/src/rendering/object.dart:2768:7)
#67     RenderViewportBase.layoutChildSequence (package:flutter/src/rendering/viewport.dart:673:13)
#68     RenderViewport._attemptLayout (package:flutter/src/rendering/viewport.dart:1684:12)
#69     RenderViewport.performLayout (package:flutter/src/rendering/viewport.dart:1575:20)
#70     RenderObject.layout (package:flutter/src/rendering/object.dart:2768:7)
#71     RenderProxyBoxMixin.performLayout (package:flutter/src/rendering/proxy_box.dart:118:18)
#72     RenderObject.layout (package:flutter/src/rendering/object.dart:2768:7)
#73     RenderProxyBoxMixin.performLayout (package:flutter/src/rendering/proxy_box.dart:118:18)
#74     RenderObject.layout (package:flutter/src/rendering/object.dart:2768:7)
#75     RenderProxyBoxMixin.performLayout (package:flutter/src/rendering/proxy_box.dart:118:18)
#76     RenderObject.layout (package:flutter/src/rendering/object.dart:2768:7)
#77     RenderProxyBoxMixin.performLayout (package:flutter/src/rendering/proxy_box.dart:118:18)
#78     RenderObject.layout (package:flutter/src/rendering/object.dart:2768:7)
#79     RenderProxyBoxMixin.performLayout (package:flutter/src/rendering/proxy_box.dart:118:18)
#80     RenderObject.layout (package:flutter/src/rendering/object.dart:2768:7)
#81     RenderProxyBoxMixin.performLayout (package:flutter/src/rendering/proxy_box.dart:118:18)
#82     RenderObject.layout (package:flutter/src/rendering/object.dart:2768:7)
#83     RenderProxyBoxMixin.performLayout (package:flutter/src/rendering/proxy_box.dart:118:18)
#84     RenderObject.layout (package:flutter/src/rendering/object.dart:2768:7)
#85     RenderProxyBoxMixin.performLayout (package:flutter/src/rendering/proxy_box.dart:118:18)
#86     _RenderCustomClip.performLayout (package:flutter/src/rendering/proxy_box.dart:1549:11)
#87     RenderObject.layout (package:flutter/src/rendering/object.dart:2768:7)
#88     RenderProxyBoxMixin.performLayout (package:flutter/src/rendering/proxy_box.dart:118:18)
#89     RenderObject.layout (package:flutter/src/rendering/object.dart:2768:7)
#90     ChildLayoutHelper.layoutChild (package:flutter/src/rendering/layout_helper.dart:62:11)
#91     RenderStack._computeSize (package:flutter/src/rendering/stack.dart:645:43)
#92     RenderStack.performLayout (package:flutter/src/rendering/stack.dart:680:12)
#93     RenderObject.layout (package:flutter/src/rendering/object.dart:2768:7)
#94     RenderPadding.performLayout (package:flutter/src/rendering/shifted_box.dart:262:12)
#95     RenderObject.layout (package:flutter/src/rendering/object.dart:2768:7)
#96     RenderPadding.performLayout (package:flutter/src/rendering/shifted_box.dart:262:12)
#97     RenderObject.layout (package:flutter/src/rendering/object.dart:2768:7)
#98     MultiChildLayoutDelegate.layoutChild (package:flutter/src/rendering/custom_layout.dart:180:12)
#99     _ScaffoldLayout.performLayout (package:flutter/src/material/scaffold.dart:1113:7)
#100    MultiChildLayoutDelegate._callPerformLayout (package:flutter/src/rendering/custom_layout.dart:246:7)
#101    RenderCustomMultiChildLayoutBox.performLayout (package:flutter/src/rendering/custom_layout.dart:417:14)
#102    RenderObject.layout (package:flutter/src/rendering/object.dart:2768:7)
#103    RenderProxyBoxMixin.performLayout (package:flutter/src/rendering/proxy_box.dart:118:18)
#104    RenderObject.layout (package:flutter/src/rendering/object.dart:2768:7)
#105    RenderProxyBoxMixin.performLayout (package:flutter/src/rendering/proxy_box.dart:118:18)
#106    _RenderCustomClip.performLayout (package:flutter/src/rendering/proxy_box.dart:1549:11)
#107    RenderObject.layout (package:flutter/src/rendering/object.dart:2768:7)
#108    RenderProxyBoxMixin.performLayout (package:flutter/src/rendering/proxy_box.dart:118:18)
#109    RenderObject.layout (package:flutter/src/rendering/object.dart:2768:7)
#110    RenderProxyBoxMixin.performLayout (package:flutter/src/rendering/proxy_box.dart:118:18)
#111    RenderObject.layout (package:flutter/src/rendering/object.dart:2768:7)
#112    RenderProxyBoxMixin.performLayout (package:flutter/src/rendering/proxy_box.dart:118:18)
#113    RenderObject.layout (package:flutter/src/rendering/object.dart:2768:7)
#114    RenderProxyBoxMixin.performLayout (package:flutter/src/rendering/proxy_box.dart:118:18)
#115    RenderObject.layout (package:flutter/src/rendering/object.dart:2768:7)
#116    RenderProxyBoxMixin.performLayout (package:flutter/src/rendering/proxy_box.dart:118:18)
#117    RenderObject.layout (package:flutter/src/rendering/object.dart:2768:7)
#118    RenderProxyBoxMixin.performLayout (package:flutter/src/rendering/proxy_box.dart:118:18)
#119    RenderObject.layout (package:flutter/src/rendering/object.dart:2768:7)
#120    RenderProxyBoxMixin.performLayout (package:flutter/src/rendering/proxy_box.dart:118:18)
#121    RenderObject.layout (package:flutter/src/rendering/object.dart:2768:7)
#122    RenderProxyBoxMixin.performLayout (package:flutter/src/rendering/proxy_box.dart:118:18)
#123    RenderObject.layout (package:flutter/src/rendering/object.dart:2768:7)
#124    RenderProxyBoxMixin.performLayout (package:flutter/src/rendering/proxy_box.dart:118:18)
#125    RenderObject.layout (package:flutter/src/rendering/object.dart:2768:7)
#126    RenderProxyBoxMixin.performLayout (package:flutter/src/rendering/proxy_box.dart:118:18)
#127    RenderObject.layout (package:flutter/src/rendering/object.dart:2768:7)
#128    RenderProxyBoxMixin.performLayout (package:flutter/src/rendering/proxy_box.dart:118:18)
#129    RenderObject.layout (package:flutter/src/rendering/object.dart:2768:7)
#130    RenderProxyBoxMixin.performLayout (package:flutter/src/rendering/proxy_box.dart:118:18)
#131    RenderObject.layout (package:flutter/src/rendering/object.dart:2768:7)
#132    RenderProxyBoxMixin.performLayout (package:flutter/src/rendering/proxy_box.dart:118:18)
#133    RenderObject.layout (package:flutter/src/rendering/object.dart:2768:7)
#134    RenderProxyBoxMixin.performLayout (package:flutter/src/rendering/proxy_box.dart:118:18)
#135    RenderObject.layout (package:flutter/src/rendering/object.dart:2768:7)
#136    RenderProxyBoxMixin.performLayout (package:flutter/src/rendering/proxy_box.dart:118:18)
#137    RenderObject.layout (package:flutter/src/rendering/object.dart:2768:7)
#138    RenderProxyBoxMixin.performLayout (package:flutter/src/rendering/proxy_box.dart:118:18)
#139    RenderOffstage.performLayout (package:flutter/src/rendering/proxy_box.dart:3923:13)
#140    RenderObject.layout (package:flutter/src/rendering/object.dart:2768:7)
#141    RenderProxyBoxMixin.performLayout (package:flutter/src/rendering/proxy_box.dart:118:18)
#142    RenderObject.layout (package:flutter/src/rendering/object.dart:2768:7)
#143    _RenderTheaterMixin.layoutChild (package:flutter/src/widgets/overlay.dart:1084:13)
#144    _RenderTheater.performLayout (package:flutter/src/widgets/overlay.dart:1429:9)
#145    RenderObject.layout (package:flutter/src/rendering/object.dart:2768:7)
#146    RenderProxyBoxMixin.performLayout (package:flutter/src/rendering/proxy_box.dart:118:18)
#147    RenderObject.layout (package:flutter/src/rendering/object.dart:2768:7)
#148    RenderProxyBoxMixin.performLayout (package:flutter/src/rendering/proxy_box.dart:118:18)
#149    RenderObject.layout (package:flutter/src/rendering/object.dart:2768:7)
#150    RenderProxyBoxMixin.performLayout (package:flutter/src/rendering/proxy_box.dart:118:18)
#151    RenderObject.layout (package:flutter/src/rendering/object.dart:2768:7)
#152    RenderProxyBoxMixin.performLayout (package:flutter/src/rendering/proxy_box.dart:118:18)
#153    RenderCustomPaint.performLayout (package:flutter/src/rendering/custom_paint.dart:574:11)
#154    RenderObject.layout (package:flutter/src/rendering/object.dart:2768:7)
#155    RenderProxyBoxMixin.performLayout (package:flutter/src/rendering/proxy_box.dart:118:18)
#156    RenderObject.layout (package:flutter/src/rendering/object.dart:2768:7)
#157    RenderProxyBoxMixin.performLayout (package:flutter/src/rendering/proxy_box.dart:118:18)
#158    RenderObject.layout (package:flutter/src/rendering/object.dart:2768:7)
#159    RenderProxyBoxMixin.performLayout (package:flutter/src/rendering/proxy_box.dart:118:18)
#160    RenderObject.layout (package:flutter/src/rendering/object.dart:2768:7)
#161    RenderProxyBoxMixin.performLayout (package:flutter/src/rendering/proxy_box.dart:118:18)
#162    RenderObject.layout (package:flutter/src/rendering/object.dart:2768:7)
#163    RenderProxyBoxMixin.performLayout (package:flutter/src/rendering/proxy_box.dart:118:18)
#164    RenderObject.layout (package:flutter/src/rendering/object.dart:2768:7)
#165    RenderProxyBoxMixin.performLayout (package:flutter/src/rendering/proxy_box.dart:118:18)
#166    RenderObject.layout (package:flutter/src/rendering/object.dart:2768:7)
#167    RenderView.performLayout (package:flutter/src/rendering/view.dart:292:12)
#168    RenderObject._layoutWithoutResize (package:flutter/src/rendering/object.dart:2616:7)
#169    PipelineOwner.flushLayout (package:flutter/src/rendering/object.dart:1174:18)
#170    PipelineOwner.flushLayout (package:flutter/src/rendering/object.dart:1187:15)
#171    AutomatedTestWidgetsFlutterBinding.drawFrame (package:flutter_test/src/binding.dart:2133:27)
#172    RendererBinding._handlePersistentFrameCallback (package:flutter/src/rendering/binding.dart:495:5)
#173    SchedulerBinding._invokeFrameCallback (package:flutter/src/scheduler/binding.dart:1430:15)
#174    SchedulerBinding.handleDrawFrame (package:flutter/src/scheduler/binding.dart:1345:9)
#175    AutomatedTestWidgetsFlutterBinding.pump.<anonymous closure> (package:flutter_test/src/binding.dart:1960:9)
#178    TestAsyncUtils.guard (package:flutter_test/src/test_async_utils.dart:74:41)
#179    AutomatedTestWidgetsFlutterBinding.pump (package:flutter_test/src/binding.dart:1949:27)
#180    WidgetTester.pumpWidget.<anonymous closure> (package:flutter_test/src/widget_tester.dart:598:22)
#183    TestAsyncUtils.guard (package:flutter_test/src/test_async_utils.dart:74:41)
#184    WidgetTester.pumpWidget (package:flutter_test/src/widget_tester.dart:595:27)
#185    main.<anonymous closure> (file:///Users/ijorna/Documents/BakaHyou/test/features/browse/browse_results_screen_test.dart:72:18)
#186    testWidgets.<anonymous closure>.<anonymous closure> (package:flutter_test/src/widget_tester.dart:192:29)
<asynchronous suspension>
#187    TestWidgetsFlutterBinding._runTestBody (package:flutter_test/src/binding.dart:1682:5)
<asynchronous suspension>
<asynchronous suspension>
(elided 8 frames from dart:async and package:stack_trace)

══╡ EXCEPTION CAUGHT BY FLUTTER TEST FRAMEWORK ╞════════════════════════════════════════════════════
The following assertion was thrown running a test:
A Timer is still pending even after the widget tree was disposed.
'package:flutter_test/src/binding.dart':
Failed assertion: line 2242 pos 12: '!timersPending'

When the exception was thrown, this was the stack:
#2      AutomatedTestWidgetsFlutterBinding._verifyInvariants (package:flutter_test/src/binding.dart:2242:12)
#3      TestWidgetsFlutterBinding._runTestBody (package:flutter_test/src/binding.dart:1703:7)
<asynchronous suspension>
<asynchronous suspension>
(elided 3 frames from class _AssertionError and package:stack_trace)

The test description was:
  BrowseResultsScreen renders title and results
════════════════════════════════════════════════════════════════════════════════════════════════════
00:05 +39 -8: /Users/ijorna/Documents/BakaHyou/test/features/browse/browse_results_screen_test.dart: BrowseResultsScreen renders title and results [E]
  Test failed. See exception logs above.
  The test description was: BrowseResultsScreen renders title and results
  

To run this test again: /Users/ijorna/Documents/flutter/bin/cache/dart-sdk/bin/dart test /Users/ijorna/Documents/BakaHyou/test/features/browse/browse_results_screen_test.dart -p vm --plain-name 'BrowseResultsScreen renders title and results'
00:06 +42 -8: /Users/ijorna/Documents/BakaHyou/test/widget_test.dart: App smoke test - shows onboarding initially
Pending timers:
Timer (duration: 0:00:00.000000, periodic: false), created:
#0      new FakeTimer._ (package:fake_async/fake_async.dart:342:62)
#1      FakeAsync._createTimer (package:fake_async/fake_async.dart:260:29)
#2      FakeAsync.run.<anonymous closure> (package:fake_async/fake_async.dart:185:15)
#6      _AnimateState._restart (package:flutter_animate/src/animate.dart:318:23)
#7      _AnimateState.initState (package:flutter_animate/src/animate.dart:290:5)
#8      StatefulElement._firstBuild (package:flutter/src/widgets/framework.dart:5950:55)
#9      ComponentElement.mount (package:flutter/src/widgets/framework.dart:5793:5)
...     Normal element mounting (15 frames)
#24     Element.inflateWidget (package:flutter/src/widgets/framework.dart:4587:20)
#25     MultiChildRenderObjectElement.inflateWidget (package:flutter/src/widgets/framework.dart:7264:36)
#26     MultiChildRenderObjectElement.mount (package:flutter/src/widgets/framework.dart:7279:32)
...     Normal element mounting (260 frames)
#286    Element.inflateWidget (package:flutter/src/widgets/framework.dart:4587:20)
#287    MultiChildRenderObjectElement.inflateWidget (package:flutter/src/widgets/framework.dart:7264:36)
#288    MultiChildRenderObjectElement.mount (package:flutter/src/widgets/framework.dart:7279:32)
...     Normal element mounting (483 frames)
#771    Element.inflateWidget (package:flutter/src/widgets/framework.dart:4587:20)
#772    Element.updateChild (package:flutter/src/widgets/framework.dart:4053:20)
#773    ComponentElement.performRebuild (package:flutter/src/widgets/framework.dart:5841:16)
#774    Element.rebuild (package:flutter/src/widgets/framework.dart:5529:7)
#775    ProxyElement.update (package:flutter/src/widgets/framework.dart:6149:5)
#776    _InheritedNotifierElement.update (package:flutter/src/widgets/inherited_notifier.dart:108:11)
#777    Element.updateChild (package:flutter/src/widgets/framework.dart:4037:15)
#778    ComponentElement.performRebuild (package:flutter/src/widgets/framework.dart:5841:16)
#779    StatefulElement.performRebuild (package:flutter/src/widgets/framework.dart:5982:11)
#780    Element.rebuild (package:flutter/src/widgets/framework.dart:5529:7)
#781    StatefulElement.update (package:flutter/src/widgets/framework.dart:6007:5)
#782    Element.updateChild (package:flutter/src/widgets/framework.dart:4037:15)
#783    ComponentElement.performRebuild (package:flutter/src/widgets/framework.dart:5841:16)
#784    Element.rebuild (package:flutter/src/widgets/framework.dart:5529:7)
#785    ProxyElement.update (package:flutter/src/widgets/framework.dart:6149:5)
#786    _InheritedNotifierElement.update (package:flutter/src/widgets/inherited_notifier.dart:108:11)
#787    Element.updateChild (package:flutter/src/widgets/framework.dart:4037:15)
#788    ComponentElement.performRebuild (package:flutter/src/widgets/framework.dart:5841:16)
#789    StatefulElement.performRebuild (package:flutter/src/widgets/framework.dart:5982:11)
#790    Element.rebuild (package:flutter/src/widgets/framework.dart:5529:7)
#791    StatefulElement.update (package:flutter/src/widgets/framework.dart:6007:5)
#792    Element.updateChild (package:flutter/src/widgets/framework.dart:4037:15)
#793    ComponentElement.performRebuild (package:flutter/src/widgets/framework.dart:5841:16)
#794    StatefulElement.performRebuild (package:flutter/src/widgets/framework.dart:5982:11)
#795    Element.rebuild (package:flutter/src/widgets/framework.dart:5529:7)
#796    StatefulElement.update (package:flutter/src/widgets/framework.dart:6007:5)
#797    Element.updateChild (package:flutter/src/widgets/framework.dart:4037:15)
#798    ComponentElement.performRebuild (package:flutter/src/widgets/framework.dart:5841:16)
#799    Element.rebuild (package:flutter/src/widgets/framework.dart:5529:7)
#800    ProxyElement.update (package:flutter/src/widgets/framework.dart:6149:5)
#801    Element.updateChild (package:flutter/src/widgets/framework.dart:4037:15)
#802    ComponentElement.performRebuild (package:flutter/src/widgets/framework.dart:5841:16)
#803    StatefulElement.performRebuild (package:flutter/src/widgets/framework.dart:5982:11)
#804    Element.rebuild (package:flutter/src/widgets/framework.dart:5529:7)
#805    StatefulElement.update (package:flutter/src/widgets/framework.dart:6007:5)
#806    Element.updateChild (package:flutter/src/widgets/framework.dart:4037:15)
#807    ComponentElement.performRebuild (package:flutter/src/widgets/framework.dart:5841:16)
#808    Element.rebuild (package:flutter/src/widgets/framework.dart:5529:7)
#809    ProxyElement.update (package:flutter/src/widgets/framework.dart:6149:5)
#810    Element.updateChild (package:flutter/src/widgets/framework.dart:4037:15)
#811    ComponentElement.performRebuild (package:flutter/src/widgets/framework.dart:5841:16)
#812    Element.rebuild (package:flutter/src/widgets/framework.dart:5529:7)
#813    ProxyElement.update (package:flutter/src/widgets/framework.dart:6149:5)
#814    Element.updateChild (package:flutter/src/widgets/framework.dart:4037:15)
#815    _RawViewElement._updateChild (package:flutter/src/widgets/view.dart:481:16)
#816    _RawViewElement.update (package:flutter/src/widgets/view.dart:568:5)
#817    Element.updateChild (package:flutter/src/widgets/framework.dart:4037:15)
#818    ComponentElement.performRebuild (package:flutter/src/widgets/framework.dart:5841:16)
#819    Element.rebuild (package:flutter/src/widgets/framework.dart:5529:7)
#820    StatelessElement.update (package:flutter/src/widgets/framework.dart:5895:5)
#821    Element.updateChild (package:flutter/src/widgets/framework.dart:4037:15)
#822    ComponentElement.performRebuild (package:flutter/src/widgets/framework.dart:5841:16)
#823    StatefulElement.performRebuild (package:flutter/src/widgets/framework.dart:5982:11)
#824    Element.rebuild (package:flutter/src/widgets/framework.dart:5529:7)
#825    StatefulElement.update (package:flutter/src/widgets/framework.dart:6007:5)
#826    Element.updateChild (package:flutter/src/widgets/framework.dart:4037:15)
#827    RootElement._rebuild (package:flutter/src/widgets/binding.dart:1822:16)
#828    RootElement.update (package:flutter/src/widgets/binding.dart:1800:5)
#829    RootElement.performRebuild (package:flutter/src/widgets/binding.dart:1814:7)
#830    Element.rebuild (package:flutter/src/widgets/framework.dart:5529:7)
#831    BuildScope._tryRebuild (package:flutter/src/widgets/framework.dart:2750:15)
#832    BuildScope._flushDirtyElements (package:flutter/src/widgets/framework.dart:2807:11)
#833    BuildOwner.buildScope (package:flutter/src/widgets/framework.dart:3111:18)
#834    AutomatedTestWidgetsFlutterBinding.drawFrame (package:flutter_test/src/binding.dart:2131:19)
#835    RendererBinding._handlePersistentFrameCallback (package:flutter/src/rendering/binding.dart:495:5)
#836    SchedulerBinding._invokeFrameCallback (package:flutter/src/scheduler/binding.dart:1430:15)
#837    SchedulerBinding.handleDrawFrame (package:flutter/src/scheduler/binding.dart:1345:9)
#838    AutomatedTestWidgetsFlutterBinding.pump.<anonymous closure> (package:flutter_test/src/binding.dart:1960:9)
#841    TestAsyncUtils.guard (package:flutter_test/src/test_async_utils.dart:74:41)
#842    AutomatedTestWidgetsFlutterBinding.pump (package:flutter_test/src/binding.dart:1949:27)
#843    WidgetTester.pumpWidget.<anonymous closure> (package:flutter_test/src/widget_tester.dart:598:22)
#846    TestAsyncUtils.guard (package:flutter_test/src/test_async_utils.dart:74:41)
#847    WidgetTester.pumpWidget (package:flutter_test/src/widget_tester.dart:595:27)
#848    main.<anonymous closure> (file:///Users/ijorna/Documents/BakaHyou/test/widget_test.dart:36:18)
#849    testWidgets.<anonymous closure>.<anonymous closure> (package:flutter_test/src/widget_tester.dart:192:29)
<asynchronous suspension>
#850    TestWidgetsFlutterBinding._runTestBody (package:flutter_test/src/binding.dart:1682:5)
<asynchronous suspension>
<asynchronous suspension>
(elided 8 frames from dart:async and package:stack_trace)

Timer (duration: 0:00:00.000000, periodic: false), created:
#0      new FakeTimer._ (package:fake_async/fake_async.dart:342:62)
#1      FakeAsync._createTimer (package:fake_async/fake_async.dart:260:29)
#2      FakeAsync.run.<anonymous closure> (package:fake_async/fake_async.dart:185:15)
#6      _AnimateState._restart (package:flutter_animate/src/animate.dart:318:23)
#7      _AnimateState.initState (package:flutter_animate/src/animate.dart:290:5)
#8      StatefulElement._firstBuild (package:flutter/src/widgets/framework.dart:5950:55)
#9      ComponentElement.mount (package:flutter/src/widgets/framework.dart:5793:5)
...     Normal element mounting (38 frames)
#47     Element.inflateWidget (package:flutter/src/widgets/framework.dart:4587:20)
#48     MultiChildRenderObjectElement.inflateWidget (package:flutter/src/widgets/framework.dart:7264:36)
#49     MultiChildRenderObjectElement.mount (package:flutter/src/widgets/framework.dart:7279:32)
...     Normal element mounting (260 frames)
#309    Element.inflateWidget (package:flutter/src/widgets/framework.dart:4587:20)
#310    MultiChildRenderObjectElement.inflateWidget (package:flutter/src/widgets/framework.dart:7264:36)
#311    MultiChildRenderObjectElement.mount (package:flutter/src/widgets/framework.dart:7279:32)
...     Normal element mounting (483 frames)
#794    Element.inflateWidget (package:flutter/src/widgets/framework.dart:4587:20)
#795    Element.updateChild (package:flutter/src/widgets/framework.dart:4053:20)
#796    ComponentElement.performRebuild (package:flutter/src/widgets/framework.dart:5841:16)
#797    Element.rebuild (package:flutter/src/widgets/framework.dart:5529:7)
#798    ProxyElement.update (package:flutter/src/widgets/framework.dart:6149:5)
#799    _InheritedNotifierElement.update (package:flutter/src/widgets/inherited_notifier.dart:108:11)
#800    Element.updateChild (package:flutter/src/widgets/framework.dart:4037:15)
#801    ComponentElement.performRebuild (package:flutter/src/widgets/framework.dart:5841:16)
#802    StatefulElement.performRebuild (package:flutter/src/widgets/framework.dart:5982:11)
#803    Element.rebuild (package:flutter/src/widgets/framework.dart:5529:7)
#804    StatefulElement.update (package:flutter/src/widgets/framework.dart:6007:5)
#805    Element.updateChild (package:flutter/src/widgets/framework.dart:4037:15)
#806    ComponentElement.performRebuild (package:flutter/src/widgets/framework.dart:5841:16)
#807    Element.rebuild (package:flutter/src/widgets/framework.dart:5529:7)
#808    ProxyElement.update (package:flutter/src/widgets/framework.dart:6149:5)
#809    _InheritedNotifierElement.update (package:flutter/src/widgets/inherited_notifier.dart:108:11)
#810    Element.updateChild (package:flutter/src/widgets/framework.dart:4037:15)
#811    ComponentElement.performRebuild (package:flutter/src/widgets/framework.dart:5841:16)
#812    StatefulElement.performRebuild (package:flutter/src/widgets/framework.dart:5982:11)
#813    Element.rebuild (package:flutter/src/widgets/framework.dart:5529:7)
#814    StatefulElement.update (package:flutter/src/widgets/framework.dart:6007:5)
#815    Element.updateChild (package:flutter/src/widgets/framework.dart:4037:15)
#816    ComponentElement.performRebuild (package:flutter/src/widgets/framework.dart:5841:16)
#817    StatefulElement.performRebuild (package:flutter/src/widgets/framework.dart:5982:11)
#818    Element.rebuild (package:flutter/src/widgets/framework.dart:5529:7)
#819    StatefulElement.update (package:flutter/src/widgets/framework.dart:6007:5)
#820    Element.updateChild (package:flutter/src/widgets/framework.dart:4037:15)
#821    ComponentElement.performRebuild (package:flutter/src/widgets/framework.dart:5841:16)
#822    Element.rebuild (package:flutter/src/widgets/framework.dart:5529:7)
#823    ProxyElement.update (package:flutter/src/widgets/framework.dart:6149:5)
#824    Element.updateChild (package:flutter/src/widgets/framework.dart:4037:15)
#825    ComponentElement.performRebuild (package:flutter/src/widgets/framework.dart:5841:16)
#826    StatefulElement.performRebuild (package:flutter/src/widgets/framework.dart:5982:11)
#827    Element.rebuild (package:flutter/src/widgets/framework.dart:5529:7)
#828    StatefulElement.update (package:flutter/src/widgets/framework.dart:6007:5)
#829    Element.updateChild (package:flutter/src/widgets/framework.dart:4037:15)
#830    ComponentElement.performRebuild (package:flutter/src/widgets/framework.dart:5841:16)
#831    Element.rebuild (package:flutter/src/widgets/framework.dart:5529:7)
#832    ProxyElement.update (package:flutter/src/widgets/framework.dart:6149:5)
#833    Element.updateChild (package:flutter/src/widgets/framework.dart:4037:15)
#834    ComponentElement.performRebuild (package:flutter/src/widgets/framework.dart:5841:16)
#835    Element.rebuild (package:flutter/src/widgets/framework.dart:5529:7)
#836    ProxyElement.update (package:flutter/src/widgets/framework.dart:6149:5)
#837    Element.updateChild (package:flutter/src/widgets/framework.dart:4037:15)
#838    _RawViewElement._updateChild (package:flutter/src/widgets/view.dart:481:16)
#839    _RawViewElement.update (package:flutter/src/widgets/view.dart:568:5)
#840    Element.updateChild (package:flutter/src/widgets/framework.dart:4037:15)
#841    ComponentElement.performRebuild (package:flutter/src/widgets/framework.dart:5841:16)
#842    Element.rebuild (package:flutter/src/widgets/framework.dart:5529:7)
#843    StatelessElement.update (package:flutter/src/widgets/framework.dart:5895:5)
#844    Element.updateChild (package:flutter/src/widgets/framework.dart:4037:15)
#845    ComponentElement.performRebuild (package:flutter/src/widgets/framework.dart:5841:16)
#846    StatefulElement.performRebuild (package:flutter/src/widgets/framework.dart:5982:11)
#847    Element.rebuild (package:flutter/src/widgets/framework.dart:5529:7)
#848    StatefulElement.update (package:flutter/src/widgets/framework.dart:6007:5)
#849    Element.updateChild (package:flutter/src/widgets/framework.dart:4037:15)
#850    RootElement._rebuild (package:flutter/src/widgets/binding.dart:1822:16)
#851    RootElement.update (package:flutter/src/widgets/binding.dart:1800:5)
#852    RootElement.performRebuild (package:flutter/src/widgets/binding.dart:1814:7)
#853    Element.rebuild (package:flutter/src/widgets/framework.dart:5529:7)
#854    BuildScope._tryRebuild (package:flutter/src/widgets/framework.dart:2750:15)
#855    BuildScope._flushDirtyElements (package:flutter/src/widgets/framework.dart:2807:11)
#856    BuildOwner.buildScope (package:flutter/src/widgets/framework.dart:3111:18)
#857    AutomatedTestWidgetsFlutterBinding.drawFrame (package:flutter_test/src/binding.dart:2131:19)
#858    RendererBinding._handlePersistentFrameCallback (package:flutter/src/rendering/binding.dart:495:5)
#859    SchedulerBinding._invokeFrameCallback (package:flutter/src/scheduler/binding.dart:1430:15)
#860    SchedulerBinding.handleDrawFrame (package:flutter/src/scheduler/binding.dart:1345:9)
#861    AutomatedTestWidgetsFlutterBinding.pump.<anonymous closure> (package:flutter_test/src/binding.dart:1960:9)
#864    TestAsyncUtils.guard (package:flutter_test/src/test_async_utils.dart:74:41)
#865    AutomatedTestWidgetsFlutterBinding.pump (package:flutter_test/src/binding.dart:1949:27)
#866    WidgetTester.pumpWidget.<anonymous closure> (package:flutter_test/src/widget_tester.dart:598:22)
#869    TestAsyncUtils.guard (package:flutter_test/src/test_async_utils.dart:74:41)
#870    WidgetTester.pumpWidget (package:flutter_test/src/widget_tester.dart:595:27)
#871    main.<anonymous closure> (file:///Users/ijorna/Documents/BakaHyou/test/widget_test.dart:36:18)
#872    testWidgets.<anonymous closure>.<anonymous closure> (package:flutter_test/src/widget_tester.dart:192:29)
<asynchronous suspension>
#873    TestWidgetsFlutterBinding._runTestBody (package:flutter_test/src/binding.dart:1682:5)
<asynchronous suspension>
<asynchronous suspension>
(elided 8 frames from dart:async and package:stack_trace)

══╡ EXCEPTION CAUGHT BY FLUTTER TEST FRAMEWORK ╞════════════════════════════════════════════════════
The following assertion was thrown running a test:
A Timer is still pending even after the widget tree was disposed.
'package:flutter_test/src/binding.dart':
Failed assertion: line 2242 pos 12: '!timersPending'

When the exception was thrown, this was the stack:
#2      AutomatedTestWidgetsFlutterBinding._verifyInvariants (package:flutter_test/src/binding.dart:2242:12)
#3      TestWidgetsFlutterBinding._runTestBody (package:flutter_test/src/binding.dart:1703:7)
<asynchronous suspension>
<asynchronous suspension>
(elided 3 frames from class _AssertionError and package:stack_trace)

The test description was:
  App smoke test - shows onboarding initially
════════════════════════════════════════════════════════════════════════════════════════════════════
00:06 +42 -9: /Users/ijorna/Documents/BakaHyou/test/widget_test.dart: App smoke test - shows onboarding initially [E]
  Test failed. See exception logs above.
  The test description was: App smoke test - shows onboarding initially
  

To run this test again: /Users/ijorna/Documents/flutter/bin/cache/dart-sdk/bin/dart test /Users/ijorna/Documents/BakaHyou/test/widget_test.dart -p vm --plain-name 'App smoke test - shows onboarding initially'
00:06 +42 -9: Some tests failed.                                                       
ijorna@Ingos-MacBook-Pro BakaHyou % 